// Jest Snapshot v1, https://goo.gl/fbAQLP

exports[`Render regressions is closed: Right pointing triangle 1`] = `
<span
  onClick={[Function]}
>
  ► 
</span>
`;

exports[`Render regressions is opened: Down pointing triangle 1`] = `
<span
  onClick={[Function]}
>
  ▼ 
</span>
`;
